[ismailbarkani.github.io/E-Portfolio/index.html]
[backblue.gif]
[fade.gif]
[index.html]
[ismailbarkani.github.io/E-Portfolio/images/log.png]
[ismailbarkani.github.io/E-Portfolio/images/apple-touch-icon.png]
[ismailbarkani.github.io/E-Portfolio/stylesheets/font-awesome.min.css]
[ismailbarkani.github.io/E-Portfolio/stylesheets/animate.min.css]
[ismailbarkani.github.io/E-Portfolio/stylesheets/materialize.css]
[ismailbarkani.github.io/E-Portfolio/stylesheets/bootstrap.min.css]
[ismailbarkani.github.io/E-Portfolio/stylesheets/style_dark_dark.css]
[ismailbarkani.github.io/E-Portfolio/images/profile.png]
[ismailbarkani.github.io/E-Portfolio/barkani_cv.pdf]
[ismailbarkani.github.io/E-Portfolio/bp.pdf]
[ismailbarkani.github.io/E-Portfolio/images/k.png]
[ismailbarkani.github.io/E-Portfolio/images/terraform.png]
[ismailbarkani.github.io/E-Portfolio/images/p1.jpg]
[ismailbarkani.github.io/E-Portfolio/images/p3.jpg]
[ismailbarkani.github.io/E-Portfolio/images/p2.jpg]
[ismailbarkani.github.io/E-Portfolio/images/p4.png]
[ismailbarkani.github.io/E-Portfolio/images/p5.jpg]
[ismailbarkani.github.io/E-Portfolio/images/logo1.png]
[ismailbarkani.github.io/E-Portfolio/images/logo2.png]
[ismailbarkani.github.io/E-Portfolio/images/logo3.png]
[ismailbarkani.github.io/E-Portfolio/images/poster2.jpg]
[ismailbarkani.github.io/E-Portfolio/images/poster1.jpg]
[ismailbarkani.github.io/E-Portfolio/images/poster3.jpg]
[ismailbarkani.github.io/E-Portfolio/images/autre1.jpg]
[ismailbarkani.github.io/E-Portfolio/images/img.png]
[ismailbarkani.github.io/E-Portfolio/javascript/jquery-2.1.3.min.js]
[ismailbarkani.github.io/E-Portfolio/javascript/bootstrap.min.js]
[ismailbarkani.github.io/E-Portfolio/javascript/materialize.min.js]
[ismailbarkani.github.io/E-Portfolio/javascript/markerwithlabel.min.js]
[ismailbarkani.github.io/E-Portfolio/javascript/retina.min.js]
[ismailbarkani.github.io/E-Portfolio/javascript/scrollreveal.min.js]
[ismailbarkani.github.io/E-Portfolio/javascript/jquery.touchSwipe.min.js]
[ismailbarkani.github.io/E-Portfolio/javascript/custom.js]
[ismailbarkani.github.io/E-Portfolio/index.html]
[ismailbarkani.github.io/E-Portfolio/fonts/fontawesome-webfont914c.eot]
[ismailbarkani.github.io/E-Portfolio/fonts/fontawesome-webfontd41d.eot]
[ismailbarkani.github.io/E-Portfolio/fonts/fontawesome-webfont914c.woff2]
[ismailbarkani.github.io/E-Portfolio/fonts/fontawesome-webfont914c.woff]
[ismailbarkani.github.io/E-Portfolio/fonts/fontawesome-webfont914c.ttf]
[ismailbarkani.github.io/E-Portfolio/stylesheets/font-awesome.min.css]
[ismailbarkani.github.io/E-Portfolio/stylesheets/animate.min.css]
[ismailbarkani.github.io/E-Portfolio/fonts/fontawesome-webfont914c.svg]
[ismailbarkani.github.io/E-Portfolio/fonts/material-design-icons/Material-Design-Iconsd41d.eot]
[ismailbarkani.github.io/E-Portfolio/fonts/material-design-icons/Material-Design-Icons.woff2]
[ismailbarkani.github.io/E-Portfolio/fonts/material-design-icons/Material-Design-Icons.woff]
[ismailbarkani.github.io/E-Portfolio/fonts/material-design-icons/Material-Design-Icons.ttf]
[ismailbarkani.github.io/E-Portfolio/fonts/material-design-icons/Material-Design-Icons.svg]
[ismailbarkani.github.io/E-Portfolio/stylesheets/materialize.css]
[ismailbarkani.github.io/E-Portfolio/fonts/glyphicons-halflings-regular.eot]
[ismailbarkani.github.io/E-Portfolio/fonts/glyphicons-halflings-regulard41d.eot]
[ismailbarkani.github.io/E-Portfolio/fonts/glyphicons-halflings-regular.woff2]
[ismailbarkani.github.io/E-Portfolio/fonts/glyphicons-halflings-regular.woff]
[ismailbarkani.github.io/E-Portfolio/fonts/glyphicons-halflings-regular.ttf]
[ismailbarkani.github.io/E-Portfolio/fonts/glyphicons-halflings-regular.svg]
[ismailbarkani.github.io/E-Portfolio/stylesheets/bootstrap.min.css]
[ismailbarkani.github.io/E-Portfolio/images/2.jpg]
[ismailbarkani.github.io/E-Portfolio/stylesheets/style_dark_dark.css]
[ismailbarkani.github.io/E-Portfolio/fonts/fontawesome-webfont914c.svg]
[ismailbarkani.github.io/E-Portfolio/fonts/material-design-icons/Material-Design-Iconsd41d.html]
[ismailbarkani.github.io/E-Portfolio/fonts/material-design-icons/Material-Design-Icons.html]
[ismailbarkani.github.io/E-Portfolio/fonts/material-design-icons/Material-Design-Icons-2.html]
[ismailbarkani.github.io/E-Portfolio/fonts/material-design-icons/Material-Design-Icons-3.html]
[ismailbarkani.github.io/E-Portfolio/fonts/material-design-icons/Material-Design-Icons-4.html]
[ismailbarkani.github.io/E-Portfolio/fonts/glyphicons-halflings-regular.html]
[ismailbarkani.github.io/E-Portfolio/fonts/glyphicons-halflings-regulard41d.html]
[ismailbarkani.github.io/E-Portfolio/fonts/glyphicons-halflings-regular-2.html]
